[debug] [2026-07-26T05:09:15.337Z] : 
[debug] [2026-07-26T05:09:15.339Z] : ----------------------------------------------------------------------
[debug] [2026-07-26T05:09:15.340Z] : Command:      C:\Program Files\nodejs\node.exe C:\Users\Kishan Shetty\AppData\Roaming\npm\node_modules\zcatalyst-cli\lib\bin\catalyst.js appsail:add
[debug] [2026-07-26T05:09:15.340Z] : CLI Version:  1.27.0
[debug] [2026-07-26T05:09:15.340Z] : Platform:     win32
[debug] [2026-07-26T05:09:15.340Z] : Node Version: v24.12.0
[debug] [2026-07-26T05:09:15.340Z] : Time:         Sun Jul 26 2026 10:39:15 GMT+0530 (India Standard Time)
[debug] [2026-07-26T05:09:15.340Z] : ----------------------------------------------------------------------
[debug] [2026-07-26T05:09:15.340Z] : 
[debug] [2026-07-26T05:09:19.873Z] : > authorizing via signed-in user option
[debug] [2026-07-26T05:09:19.875Z] : > command requires scopes: ["ZohoCatalyst.projects.ALL","ZohoCatalyst.functions.ALL"]
[debug] [2026-07-26T05:09:20.236Z] : > refreshing access token <
[debug] [2026-07-26T05:09:20.242Z] : >>>> HTTP REQUEST : POST https://accounts.zoho.in/oauth/v2/token 
<request body omitted>

[debug] [2026-07-26T05:09:20.490Z] : <<<< HTTP RESPONSE : 200
Response Headers: {"server":"ZGS","date":"Sun, 26 Jul 2026 05:09:20 GMT","content-type":"application/json;charset=UTF-8","content-length":"2523","connection":"keep-alive","cache-control":"no-store","x-content-type-options":"nosniff","pragma":"no-cache","x-frame-options":"SAMEORIGIN","vary":"accept-encoding","content-language":"en-US","strict-transport-security":"max-age=64072000; includeSubDomains; preload"}

[debug] [2026-07-26T05:09:20.728Z] : >>>> HTTP REQUEST : GET https://api.catalyst.zoho.in/baas/v1/project/55949000000013025 

[debug] [2026-07-26T05:09:20.865Z] : <<<< HTTP RESPONSE : 200
Response Headers: {"server":"ZGS","date":"Sun, 26 Jul 2026 05:09:20 GMT","content-type":"application/vnd.catalyst.v2+json","transfer-encoding":"chunked","connection":"keep-alive","x-content-type-options":"nosniff","cache-control":"private,no-cache,no-store,max-age=0,must-revalidate","pragma":"no-cache","expires":"Thu, 01 Jan 1970 00:00:00 GMT","x-frame-options":"DENY","strict-transport-security":"max-age=64072000; includeSubDomains; preload"}

[debug] [2026-07-26T05:09:20.873Z] : >>>> HTTP REQUEST : GET https://api.catalyst.zoho.in/baas/v1/project/55949000000013025/environment 

[debug] [2026-07-26T05:09:20.954Z] : <<<< HTTP RESPONSE : 200
Response Headers: {"server":"ZGS","date":"Sun, 26 Jul 2026 05:09:21 GMT","content-type":"application/vnd.catalyst.v2+json","transfer-encoding":"chunked","connection":"keep-alive","x-content-type-options":"nosniff","cache-control":"private,no-cache,no-store,max-age=0,must-revalidate","pragma":"no-cache","expires":"Thu, 01 Jan 1970 00:00:00 GMT","x-frame-options":"DENY","strict-transport-security":"max-age=64072000; includeSubDomains; preload"}

[info] [2026-07-26T05:09:21.026Z] : 
[info] [2026-07-26T05:09:21.027Z] : => Configure AppSail
